<html>
<body>
<pre>
<h1>礦ision Build Log</h1>
<h2>Tool Versions:</h2>
IDE-Version: μVision V5.28.0.0
Copyright (C) 2019 ARM Ltd and ARM Germany GmbH. All rights reserved.
License Information: l Administrator, l, LIC=D0DUH-WYZIX-5T23W-Q88HE-78GH2-6GFLJ
 
Tool Versions:
Toolchain:       MDK-ARM Plus  Version: 5.28.0.0
Toolchain Path:  C:\Keil_v5\ARM\ARMCC\Bin
C Compiler:      Armcc.exe V5.06 update 6 (build 750)
Assembler:       Armasm.exe V5.06 update 6 (build 750)
Linker/Locator:  ArmLink.exe V5.06 update 6 (build 750)
Library Manager: ArmAr.exe V5.06 update 6 (build 750)
Hex Converter:   FromElf.exe V5.06 update 6 (build 750)
CPU DLL:         SARMCM3.DLL V5.28.0.0
Dialog DLL:      DCM.DLL V1.17.3.0
Target DLL:      Segger\JL2CM3.dll V2.66.0.0
Dialog DLL:      TCM.DLL V1.36.2.0
 
<h2>Project:</h2>
D:\Canopen\CAN FD\STM32 CAN_FD开发板资料-2019\程序\CAN底板硬件检测程序\CAN\CAN.uvproj
Project File Date:  07/25/2019

<h2>Output:</h2>
*** Using Compiler 'V5.06 update 6 (build 750)', folder: 'C:\Keil_v5\ARM\ARMCC\Bin'
Build target 'STM32F103 Flash'
compiling CanDemo.c...
User\CanDemo.c(243): warning:  #550-D: variable "aucRecv_Data_temp"  was set but never used
  	uint8_t aucRecv_Data_temp;
User\CanDemo.c: 1 warning, 0 errors
linking...
Program Size: Code=5796 RO-data=368 RW-data=32 ZI-data=1176  
FromELF: creating hex file...
".\Flash\CanDemo_15.axf" - 0 Error(s), 1 Warning(s).
Build Time Elapsed:  00:00:01
</pre>
</body>
</html>
